5
x <= 10
6
x <= 10
7
x <= 10
8
x <= 10
9
x <= 10
10
x <= 10
11
x > 10
12
x > 10
13
x > 10
14
x > 10
